src/pages/ActivityDetail.tsx(13,27): error TS2305: Module '"@/src/lib/mock-data"' has no exported member 'MOCK_TALHOES'.
src/pages/admin/Crops.tsx(209,15): error TS2322: Type '{ key: any; title: any; subtitle: any; badge: { label: any; variant: "slate" | "emerald"; }; hideChevron: true; actions: any; }' is not assignable to type 'MobileCardProps'.
  Property 'actions' does not exist on type 'MobileCardProps'.
src/pages/admin/Crops.tsx(211,19): error TS2322: Type '(e: any) => void' is not assignable to type '() => void'.
  Target signature provides too few arguments. Expected 1 or more, but got 0.
src/pages/admin/Crops.tsx(215,19): error TS2322: Type '(e: any) => void' is not assignable to type '() => void'.
  Target signature provides too few arguments. Expected 1 or more, but got 0.
src/pages/admin/Crops.tsx(276,61): error TS2322: Type 'unknown[]' is not assignable to type 'string[]'.
  Type 'unknown' is not assignable to type 'string'.
src/pages/admin/Machines.tsx(208,15): error TS2322: Type '{ key: any; title: any; subtitle: string; badge: { label: any; variant: "slate" | "amber" | "emerald"; }; onClick: () => void | Promise<void>; actions: any; }' is not assignable to type 'MobileCardProps'.
  Property 'actions' does not exist on type 'MobileCardProps'.
src/pages/admin/Machines.tsx(210,19): error TS2322: Type '(e: any) => void' is not assignable to type '() => void'.
  Target signature provides too few arguments. Expected 1 or more, but got 0.
src/pages/admin/Machines.tsx(215,19): error TS2322: Type '(e: any) => void' is not assignable to type '() => void'.
  Target signature provides too few arguments. Expected 1 or more, but got 0.
src/pages/admin/Machines.tsx(298,57): error TS2322: Type 'unknown[]' is not assignable to type 'string[]'.
  Type 'unknown' is not assignable to type 'string'.
src/pages/admin/Machines.tsx(299,59): error TS2322: Type 'unknown[]' is not assignable to type 'string[]'.
  Type 'unknown' is not assignable to type 'string'.
src/pages/admin/Safras.tsx(223,15): error TS2322: Type '{ key: any; title: any; subtitle: string; badge: { label: any; variant: "blue" | "slate" | "emerald"; }; hideChevron: true; actions: any; }' is not assignable to type 'MobileCardProps'.
  Property 'actions' does not exist on type 'MobileCardProps'.
src/pages/admin/Safras.tsx(225,19): error TS2322: Type '(e: any) => void' is not assignable to type '() => void'.
  Target signature provides too few arguments. Expected 1 or more, but got 0.
src/pages/admin/Safras.tsx(229,19): error TS2322: Type '(e: any) => void' is not assignable to type '() => void'.
  Target signature provides too few arguments. Expected 1 or more, but got 0.
src/pages/admin/Safras.tsx(294,61): error TS2322: Type 'unknown[]' is not assignable to type 'string[]'.
  Type 'unknown' is not assignable to type 'string'.
src/pages/admin/Talhoes.tsx(225,15): error TS2322: Type '{ key: any; title: any; subtitle: string; badge: { label: any; variant: "slate" | "emerald"; }; value: string; valueColor: "default"; hideChevron: true; actions: any; }' is not assignable to type 'MobileCardProps'.
  Property 'actions' does not exist on type 'MobileCardProps'.
src/pages/admin/Talhoes.tsx(227,19): error TS2322: Type '(e: any) => void' is not assignable to type '() => void'.
  Target signature provides too few arguments. Expected 1 or more, but got 0.
src/pages/admin/Talhoes.tsx(231,19): error TS2322: Type '(e: any) => void' is not assignable to type '() => void'.
  Target signature provides too few arguments. Expected 1 or more, but got 0.
src/pages/admin/Talhoes.tsx(233,21): error TS2304: Cannot find name 'handleDelete'.
src/pages/admin/Talhoes.tsx(296,68): error TS2322: Type 'unknown[]' is not assignable to type 'string[]'.
  Type 'unknown' is not assignable to type 'string'.
src/pages/admin/Talhoes.tsx(297,60): error TS2322: Type 'unknown[]' is not assignable to type 'string[]'.
  Type 'unknown' is not assignable to type 'string'.
src/pages/admin/Talhoes.tsx(298,61): error TS2322: Type 'unknown[]' is not assignable to type 'string[]'.
  Type 'unknown' is not assignable to type 'string'.
src/pages/admin/Trucks.tsx(241,15): error TS2322: Type '{ key: any; title: any; subtitle: string; badge: { label: any; variant: "amber" | "emerald"; }; onClick: () => void | Promise<void>; actions: any; }' is not assignable to type 'MobileCardProps'.
  Property 'actions' does not exist on type 'MobileCardProps'.
src/pages/admin/Trucks.tsx(243,19): error TS2322: Type '(e: any) => void' is not assignable to type '() => void'.
  Target signature provides too few arguments. Expected 1 or more, but got 0.
src/pages/admin/Trucks.tsx(247,19): error TS2322: Type '(e: any) => void' is not assignable to type '() => void'.
  Target signature provides too few arguments. Expected 1 or more, but got 0.
src/pages/admin/Trucks.tsx(327,60): error TS2322: Type 'unknown[]' is not assignable to type 'string[]'.
  Type 'unknown' is not assignable to type 'string'.
src/pages/admin/Trucks.tsx(328,61): error TS2322: Type 'unknown[]' is not assignable to type 'string[]'.
  Type 'unknown' is not assignable to type 'string'.
src/pages/admin/Users.tsx(223,15): error TS2322: Type '{ key: any; title: any; subtitle: string; badge: { label: any; variant: "slate" | "emerald"; }; hideChevron: true; actions: any; }' is not assignable to type 'MobileCardProps'.
  Property 'actions' does not exist on type 'MobileCardProps'.
src/pages/admin/Users.tsx(225,19): error TS2322: Type '(e: any) => void' is not assignable to type '() => void'.
  Target signature provides too few arguments. Expected 1 or more, but got 0.
src/pages/admin/Users.tsx(229,19): error TS2322: Type '(e: any) => void' is not assignable to type '() => void'.
  Target signature provides too few arguments. Expected 1 or more, but got 0.
src/pages/admin/Users.tsx(292,59): error TS2322: Type 'unknown[]' is not assignable to type 'string[]'.
  Type 'unknown' is not assignable to type 'string'.
src/pages/admin/Users.tsx(293,61): error TS2322: Type 'unknown[]' is not assignable to type 'string[]'.
  Type 'unknown' is not assignable to type 'string'.
src/pages/MachineDetail.tsx(7,10): error TS2305: Module '"lucide-react"' has no exported member 'Tool'.
src/pages/MachineDetail.tsx(23,59): error TS2339: Property 'equipment' does not exist on type 'Activity'.
src/pages/MachineDetail.tsx(42,47): error TS2339: Property 'model' does not exist on type 'Machine'.
src/pages/MachineDetail.tsx(55,81): error TS2339: Property 'model' does not exist on type 'Machine'.
src/pages/MachineDetail.tsx(64,53): error TS2367: This comparison appears to be unintentional because the types '"Manuten├º├úo" | "Ativa" | "Inativa"' and '"Ativo"' have no overlap.
src/pages/MachineDetail.tsx(114,30): error TS2339: Property 'type' does not exist on type 'Activity'.
src/pages/MachineDetail.tsx(115,100): error TS2339: Property 'area' does not exist on type 'Activity'.
src/pages/MachineDetail.tsx(148,28): error TS2339: Property 'type' does not exist on type 'Activity'.
src/pages/MachineDetail.tsx(151,89): error TS2339: Property 'area' does not exist on type 'Activity'.
src/pages/Stock.tsx(187,74): error TS2322: Type 'unknown[]' is not assignable to type 'string[]'.
  Type 'unknown' is not assignable to type 'string'.
